###############################################################################
#
# IAR ELF Linker V9.20.4.327/W64 for ARM                  15/Sep/2022  22:06:56
# Copyright 2007-2022 IAR Systems AB.
#
#    Output file  =
#        C:\Users\menin\Local
#        Documents\marianahenrique_ELF74\Lab3\Debug\Exe\Lab3.out
#    Map file     =
#        C:\Users\menin\Local
#        Documents\marianahenrique_ELF74\Lab3\Debug\List\Lab3.map
#    Command line =
#        -f "C:\Users\menin\Local
#        Documents\marianahenrique_ELF74\Lab3\Debug\Exe\Lab3.out.rsp"
#        ("C:\Users\menin\Local
#        Documents\marianahenrique_ELF74\Lab3\Debug\Obj\source\histogram.o"
#        "C:\Users\menin\Local
#        Documents\marianahenrique_ELF74\Lab3\Debug\Obj\source\main.o"
#        --no_out_extension -o "C:\Users\menin\Local
#        Documents\marianahenrique_ELF74\Lab3\Debug\Exe\Lab3.out" --map
#        "C:\Users\menin\Local
#        Documents\marianahenrique_ELF74\Lab3\Debug\List\Lab3.map" --config
#        "C:\Program Files\IAR Systems\Embedded Workbench
#        9.0\arm\config\linker\TexasInstruments\TM4C1294NC.icf" --semihosting
#        --entry __iar_program_start --vfe --text_out locale)
#
###############################################################################

*******************************************************************************
*** RUNTIME MODEL ATTRIBUTES
***

CppFlavor                     = *
__CPP_Exceptions              = Disabled
__CPP_Language                = C++14
__CPP_Library                 = DLib
__CPP_Runtime                 = 1
__Heap_Handler                = Basic
__SystemLibrary               = DLib
__dlib_dynamic_initialization = normal
__dlib_version                = 6


*******************************************************************************
*** HEAP SELECTION
***

The basic heap was selected because some modules are built with
size limitations (and not runtime checking), and --advanced_heap
was not specified.


*******************************************************************************
*** PLACEMENT SUMMARY
***

"A0":  place at address 0x0 { ro section .intvec };
"P1":  place in [from 0x0 to 0xf'ffff] { ro };
define block CSTACK with size = 32K, alignment = 8 { };
define block HEAP with size = 64K, alignment = 8 { };
"P2":  place in [from 0x2000'0000 to 0x2003'ffff] {
          rw, block CSTACK, block HEAP };
initialize by copy { rw };

  Section                Kind         Address      Size  Object
  -------                ----         -------      ----  ------
"A0":                                              0x40
  .intvec                ro code          0x0      0x40  vector_table_M.o [6]
                                       - 0x40      0x40

"P1":                                            0x25d0
  .text                  ro code         0x40     0x501  xprintfsmall_nomb.o [2]
  .text                  ro code        0x542      0x2a  copy_init3.o [6]
  .text                  ro code        0x56c      0x16  strchr.o [6]
  .text                  ro code        0x582       0xa  xsprout.o [2]
  .text                  ro code        0x58c      0x40  xfail_s.o [2]
  .text                  ro code        0x5cc      0x36  strlen.o [6]
  .text                  ro code        0x602       0x6  iostream_cout.o [3]
  .text                  ro code        0x608      0x58  memchr.o [6]
  .text                  ro code        0x660       0x6  abort.o [2]
  .text                  ro code        0x666       0x2  iostream_cout.o [3]
  .text                  ro code        0x668      0x14  exit.o [7]
  .text                  ro code        0x67c      0x7c  iarttio.o [7]
  .text                  ro code        0x6f8       0x8  XShttio.o [2]
  .text                  ro code        0x700     0x234  main.o [1]
  .text                  ro code        0x934       0x4  main.o [1]
  .text                  ro code        0x938       0x6  main.o [1]
  .text                  ro code        0x93e       0x2  iostream_cout.o [3]
  .text                  ro code        0x940      0x20  main.o [1]
  .text                  ro code        0x960      0x2a  main.o [1]
  .text                  ro code        0x98a       0xc  main.o [1]
  .text                  ro code        0x996      0x12  main.o [1]
  .text                  ro code        0x9a8      0x30  main.o [1]
  .text                  ro code        0x9d8       0xa  main.o [1]
  .text                  ro code        0x9e2       0xc  main.o [1]
  .text                  ro code        0x9ee       0xa  main.o [1]
  .text                  ro code        0x9f8      0x96  main.o [1]
  .text                  ro code        0xa8e       0xa  main.o [1]
  .text                  ro code        0xa98       0x4  main.o [1]
  .text                  ro code        0xa9c      0x2e  main.o [1]
  .text                  ro code        0xaca      0x2e  main.o [1]
  .text                  ro code        0xaf8       0x8  main.o [1]
  .text                  ro code        0xb00      0x12  main.o [1]
  .text                  ro code        0xb12       0x2  vectortrap_M.o [6]
  .text                  ro code        0xb14      0x18  main.o [1]
  .text                  ro code        0xb2c       0x8  main.o [1]
  .text                  ro code        0xb34      0x7a  main.o [1]
  .text                  ro code        0xbae      0x3a  main.o [1]
  .text                  ro code        0xbe8       0xc  main.o [1]
  .text                  ro code        0xbf4      0x18  main.o [1]
  .text                  ro code        0xc0c       0xa  cxxabi.o [4]
  .text                  ro code        0xc16       0xc  main.o [1]
  .text                  ro code        0xc22       0xa  main.o [1]
  .text                  ro code        0xc2c      0x7a  main.o [1]
  .text                  ro code        0xca6       0xe  main.o [1]
  .text                  ro code        0xcb4      0x2a  main.o [1]
  .text                  ro code        0xcde      0x28  main.o [1]
  .text                  ro code        0xd06       0xa  main.o [1]
  .text                  ro code        0xd10       0x2  main.o [1]
  .text                  ro code        0xd12      0x2e  main.o [1]
  .text                  ro code        0xd40       0x2  main.o [1]
  .text                  ro code        0xd42       0x8  main.o [1]
  .rodata                const          0xd4a       0x1  main.o [1]
  .rodata                zero           0xd4b       0x1  main.o [1]
  .text                  ro code        0xd4c      0x18  main.o [1]
  .text                  ro code        0xd64       0xa  main.o [1]
  .text                  ro code        0xd6e       0x8  main.o [1]
  .text                  ro code        0xd76       0x8  main.o [1]
  .text                  ro code        0xd7e       0x8  main.o [1]
  .rodata                zero           0xd86       0x1  main.o [1]
  .rodata                const          0xd87       0x1  unwind_debug.o [7]
  .text                  ro code        0xd88      0x10  main.o [1]
  .text                  ro code        0xd98       0xe  main.o [1]
  .text                  ro code        0xda6       0x8  main.o [1]
  .text                  ro code        0xdae       0x8  main.o [1]
  .text                  ro code        0xdb6      0x12  main.o [1]
  .text                  ro code        0xdc8       0x8  main.o [1]
  .text                  ro code        0xdd0      0xa0  cppinit.o [2]
  .text                  ro code        0xe70       0x8  main.o [1]
  .text                  ro code        0xe78      0x12  main.o [1]
  .text                  ro code        0xe8a      0x18  main.o [1]
  .text                  ro code        0xea2      0xd6  main.o [1]
  .text                  ro code        0xf78      0x96  ABImemmove.o [6]
  .text                  ro code       0x100e       0x6  main.o [1]
  .text                  ro code       0x1014      0x10  main.o [1]
  .text                  ro code       0x1024      0x32  main.o [1]
  .text                  ro code       0x1056      0x12  main.o [1]
  .text                  ro code       0x1068       0xc  main.o [1]
  .text                  ro code       0x1074      0x1c  main.o [1]
  .text                  ro code       0x1090       0x2  main.o [1]
  .text                  ro code       0x1092       0x8  main.o [1]
  .text                  ro code       0x109a       0x2  main.o [1]
  .text                  ro code       0x109c      0xa6  ABImemcpy.o [6]
  .text                  ro code       0x1142       0xc  main.o [1]
  .text                  ro code       0x114e       0x2  main.o [1]
  .text                  ro code       0x1150      0x28  main.o [1]
  .text                  ro code       0x1178       0x2  main.o [1]
  .text                  ro code       0x117a       0x8  main.o [1]
  .text                  ro code       0x1182       0x8  main.o [1]
  .text                  ro code       0x118a       0x8  main.o [1]
  .text                  ro code       0x1192       0x2  main.o [1]
  .text                  ro code       0x1194      0x18  main.o [1]
  .text                  ro code       0x11ac      0x66  ABImemset.o [6]
  .text                  ro code       0x1212      0x18  main.o [1]
  .text                  ro code       0x122a       0xe  main.o [1]
  .text                  ro code       0x1238       0x4  main.o [1]
  .text                  ro code       0x123c       0x2  main.o [1]
  .text                  ro code       0x123e       0x8  main.o [1]
  .text                  ro code       0x1246       0xa  main.o [1]
  .text                  ro code       0x1250       0x2  main.o [1]
  .text                  ro code       0x1252       0x8  main.o [1]
  .text                  ro code       0x125c      0x44  main.o [1]
  .text                  ro code       0x12a0       0x4  main.o [1]
  .text                  ro code       0x12a4       0x2  main.o [1]
  .text                  ro code       0x12a6       0x8  main.o [1]
  .text                  ro code       0x12ae       0xc  main.o [1]
  .text                  ro code       0x12ba       0x2  main.o [1]
  .text                  ro code       0x12bc      0x18  main.o [1]
  .text                  ro code       0x12d4       0x2  main.o [1]
  .text                  ro code       0x12d6       0xa  delop_0.o [4]
  .text                  ro code       0x12e0      0x34  main.o [1]
  .text                  ro code       0x1314      0x1a  main.o [1]
  .text                  ro code       0x132e       0x6  main.o [1]
  .text                  ro code       0x1334      0x12  main.o [1]
  .text                  ro code       0x1346      0x20  main.o [1]
  .text                  ro code       0x1366       0x4  heaptramp0.o [2]
  .text                  ro code       0x136c     0x13c  heap0.o [2]
  .text                  ro code       0x14a8      0x24  newop_0.o [4]
  .text                  ro code       0x14cc       0x4  main.o [1]
  .text                  ro code       0x14d0      0x2c  xgetmemchunk.o [2]
  .text                  ro code       0x14fc       0x4  nomemory.o [4]
  .text                  ro code       0x1500     0x1b2  main.o [1]
  .text                  ro code       0x16b2       0x8  main.o [1]
  .text                  ro code       0x16ba      0x72  main.o [1]
  .text                  ro code       0x172c       0x4  main.o [1]
  .text                  ro code       0x1730       0x8  main.o [1]
  .text                  ro code       0x1738       0x6  main.o [1]
  .text                  ro code       0x173e       0x4  main.o [1]
  .text                  ro code       0x1742       0xa  main.o [1]
  .text                  ro code       0x174c      0x28  main.o [1]
  .text                  ro code       0x1774       0xe  main.o [1]
  .text                  ro code       0x1782       0x8  main.o [1]
  .text                  ro code       0x178a      0x14  main.o [1]
  .text                  ro code       0x179e       0x4  main.o [1]
  .text                  ro code       0x17a2      0x54  main.o [1]
  .text                  ro code       0x17f6       0x4  main.o [1]
  .text                  ro code       0x17fa      0x18  main.o [1]
  .text                  ro code       0x1812       0x8  main.o [1]
  .text                  ro code       0x181a      0x28  main.o [1]
  .text                  ro code       0x1842       0xa  main.o [1]
  .text                  ro code       0x184c      0x14  main.o [1]
  .text                  ro code       0x1860     0x100  ios.o [3]
  .text                  ro code       0x1960       0x8  main.o [1]
  .text                  ro code       0x1968      0x54  main.o [1]
  .text                  ro code       0x19bc       0x8  main.o [1]
  .text                  ro code       0x19c4       0x4  delop4_0.o [4]
  .text                  ro code       0x19c8      0x48  main.o [1]
  .text                  ro code       0x1a10      0x46  main.o [1]
  .text                  ro code       0x1a56      0xc4  main.o [1]
  .text                  ro code       0x1b1c      0x20  main.o [1]
  .text                  ro code       0x1b3c       0x8  main.o [1]
  .text                  ro code       0x1b44      0x28  main.o [1]
  .text                  ro code       0x1b6c       0x4  main.o [1]
  .text                  ro code       0x1b70      0x18  main.o [1]
  .text                  ro code       0x1b88       0x8  main.o [1]
  .text                  ro code       0x1b90       0xc  main.o [1]
  .text                  ro code       0x1b9c      0xa0  main.o [1]
  .text                  ro code       0x1c3c      0x9c  main.o [1]
  .text                  ro code       0x1cd8      0x28  main.o [1]
  .text                  ro code       0x1d00      0x90  iostream_cout.o [3]
  .text                  ro code       0x1d90      0x5c  iostream_cout.o [3]
  .text                  ro code       0x1dec      0x7c  main.o [1]
  .text                  ro code       0x1e68      0x22  main.o [1]
  .text                  ro code       0x1e8a      0x6c  main.o [1]
  .text                  ro code       0x1ef8      0x70  main.o [1]
  .text                  ro code       0x1f68      0x30  histogram.o [1]
  .text                  ro code       0x1f98      0x60  main.o [1]
  .text                  ro code       0x1ff8      0x40  sprintf.o [2]
  .text                  ro code       0x2038      0x60  main.o [1]
  .text                  ro code       0x2098      0x5e  iostream_cout.o [3]
  .text                  ro code       0x20f6      0x52  main.o [1]
  .text                  ro code       0x2148      0x32  main.o [1]
  .rodata                const         0x217c      0x44  iostream_cout.o [3]
  .rodata                const         0x21c0      0x44  iostream_cout.o [3]
  .text                  ro code       0x2204      0x38  iostream_cout.o [3]
  .text                  ro code       0x223c      0x20  putchar.o [2]
  .text                  ro code       0x225c      0x10  write.o [7]
  .text                  ro code       0x226c      0x1e  dwrite.o [7]
  .text                  ro code       0x228a      0x20  iarwstd.o [7]
  .text                  ro code       0x22aa      0x22  iarwrite.o [7]
  .text                  ro code       0x22cc      0x38  zero_init3.o [6]
  .rodata                const         0x2304      0x30  main.o [1]
  .rodata                const         0x2334      0x30  main.o [1]
  .rodata                const         0x2364      0x28  main.o [1]
  .rodata                const         0x238c      0x28  iostream_cout.o [3]
  .text                  ro code       0x23b4      0x28  data_init.o [6]
  .rodata                const         0x23dc      0x24  main.o [1]
  .rodata                const         0x2400      0x24  main.o [1]
  .text                  ro code       0x2424      0x24  main.o [1]
  .text                  ro code       0x2448      0x18  main.o [1]
  .text                  ro code       0x2460      0x22  fpinit_M.o [5]
  .iar.init_table        const         0x2484      0x28  - Linker created -
  .text                  ro code       0x24ac      0x20  cmain_call_ctors.o [6]
  .text                  ro code       0x24cc      0x1e  cmain.o [6]
  .text                  ro code       0x24ea       0x4  low_level_init.o [2]
  .text                  ro code       0x24ee       0x4  exit.o [2]
  .text                  ro code       0x24f4       0xe  cexit.o [6]
  .text                  ro code       0x2504      0x1c  cstartup_M.o [6]
  .text                  ro code       0x2520      0x18  main.o [1]
  .text                  ro code       0x2538      0x18  main.o [1]
  .text                  ro code       0x2550      0x14  iostream_cout.o [3]
  .rodata                const         0x2564      0x10  main.o [1]
  .rodata                const         0x2574      0x10  main.o [1]
  .rodata                const         0x2584      0x10  ios.o [3]
  .rodata                const         0x2594      0x10  iostream_cout.o [3]
  .text                  ro code       0x25a4       0xe  main.o [1]
  .text                  ro code       0x25b2       0x8  main.o [1]
  .text                  ro code       0x25ba       0xe  iostream_cout.o [3]
  .rodata                const         0x25c8       0xc  main.o [1]
  .text                  ro code       0x25d4       0xa  main.o [1]
  .rodata                const         0x25e0       0x8  main.o [1]
  .rodata                const         0x25e8       0x8  main.o [1]
  SHT$$PREINIT_ARRAY                   0x25f0       0x4  <Block>
    .preinit_array       const         0x25f0       0x4  iostream_cout.o [3]
  SHT$$INIT_ARRAY                      0x25f4       0x4  <Block>
    .init_array          const         0x25f4       0x4  ios.o [3]
  __iar_tls$$INIT_ARRAY                0x25f8       0x0  <Block>
  Initializer bytes      const         0x25f8       0x8  <for P2-1>
  .rodata                const         0x2600       0x4  main.o [1]
  .rodata                const         0x2604       0x4  main.o [1]
  .text                  ro code       0x2608       0x4  main.o [1]
  .text                  ro code       0x260c       0x4  iostream_cout.o [3]
  .text                  ro code       0x2610       0x0  cstart_call_dtors.o [6]
  .rodata                const         0x2610       0x0  zero_init3.o [6]
  .rodata                const         0x2610       0x0  copy_init3.o [6]
                                     - 0x2610    0x25d0

"P2", part 1 of 3:                                  0x8
  P2-1                            0x2000'0000       0x8  <Init block>
    .data                inited   0x2000'0000       0x8  XShttio.o [2]
                                - 0x2000'0008       0x8

"P2", part 2 of 3:                                 0xf0
  .bss                   zero     0x2000'0008      0x70  iostream_cout.o [3]
  .bss                   zero     0x2000'0078      0x34  ios.o [3]
  .bss                   zero     0x2000'00ac      0x14  main.o [1]
  .bss                   zero     0x2000'00c0      0x10  ios.o [3]
  .bss                   zero     0x2000'00d0       0x8  heap0.o [2]
  .bss                   zero     0x2000'00d8       0x4  main.o [1]
  .bss                   zero     0x2000'00dc       0x4  main.o [1]
  .bss                   zero     0x2000'00e0       0x4  cppinit.o [2]
  .bss                   zero     0x2000'00e4       0x4  cppinit.o [2]
  .bss                   zero     0x2000'00e8       0x4  new.o [4]
  .bss                   zero     0x2000'00ec       0x4  xgetmemchunk.o [2]
  .bss                   zero     0x2000'00f0       0x4  xfail_s.o [2]
  .bss                   zero     0x2000'00f4       0x1  main.o [1]
  .bss                   zero     0x2000'00f5       0x1  main.o [1]
  .bss                   zero     0x2000'00f6       0x1  main.o [1]
                                - 0x2000'00f7      0xef

"P2", part 3 of 3:                             0x1'81a8
  .iar.dynexit                    0x2000'00f8     0x1a4  <Block>
    .iar.dynexit         uninit   0x2000'00f8       0xc  cppinit.o [2]
    .iar.dynexit         uninit   0x2000'0104     0x198  <Block tail>
  CSTACK                          0x2000'02a0    0x8000  <Block>
    CSTACK               uninit   0x2000'02a0    0x8000  <Block tail>
  HEAP                            0x2000'82a0  0x1'0000  <Block>
    HEAP                 uninit   0x2000'82a0  0x1'0000  <Block tail>
                                - 0x2001'82a0  0x1'81a8

Unused ranges:

         From           To      Size
         ----           --      ----
       0x2610     0xf'ffff  0xf'd9f0
  0x2001'82a0  0x2003'ffff  0x2'7d60


*******************************************************************************
*** INIT TABLE
***

          Address      Size
          -------      ----
Zero (__iar_zero_init3)
    1 destination range, total size 0xef:
          0x2000'0008  0xef

Copy (__iar_copy_init3)
    1 source range, total size 0x8:
               0x25f8   0x8
    1 destination range, total size 0x8:
          0x2000'0000   0x8

Extra (__iar_cstart_call_ctors)



*******************************************************************************
*** MODULE SUMMARY
***

    Module               ro code  ro data  rw data
    ------               -------  -------  -------
command line/config:
    ----------------------------------------------
    Total:

C:\Users\menin\Local Documents\marianahenrique_ELF74\Lab3\Debug\Obj\source: [1]
    histogram.o               48
    main.o                 5'202      277       33
    ----------------------------------------------
    Total:                 5'250      277       33

dl7M_tln.a: [2]
    XShttio.o                  8        8        8
    abort.o                    6
    cppinit.o                160                20
    exit.o                     4
    heap0.o                  316                 8
    heaptramp0.o               4
    low_level_init.o           4
    putchar.o                 32
    sprintf.o                 64
    xfail_s.o                 64                 4
    xgetmemchunk.o            44                 4
    xprintfsmall_nomb.o    1'281
    xsprout.o                 10
    ----------------------------------------------
    Total:                 1'997        8       44

dlpp7M_tl_nc.a: [3]
    ios.o                    256       20       68
    iostream_cout.o          434      196      112
    ----------------------------------------------
    Total:                   690      216      180

dlpprt7M_tl_nc.a: [4]
    cxxabi.o                  10
    delop4_0.o                 4
    delop_0.o                 10
    new.o                                        4
    newop_0.o                 36
    nomemory.o                 4
    ----------------------------------------------
    Total:                    64                 4

m7M_tls.a: [5]
    fpinit_M.o                34
    ----------------------------------------------
    Total:                    34

rt7M_tl.a: [6]
    ABImemcpy.o              166
    ABImemmove.o             150
    ABImemset.o              102
    cexit.o                   14
    cmain.o                   30
    cmain_call_ctors.o        32
    copy_init3.o              42
    cstart_call_dtors.o
    cstartup_M.o              28
    data_init.o               40
    memchr.o                  88
    strchr.o                  22
    strlen.o                  54
    vector_table_M.o          64
    vectortrap_M.o             2
    zero_init3.o              56
    ----------------------------------------------
    Total:                   890

shb_l.a: [7]
    dwrite.o                  30
    exit.o                    20
    iarttio.o                124
    iarwrite.o                34
    iarwstd.o                 32
    unwind_debug.o                      1
    write.o                   16
    ----------------------------------------------
    Total:                   256        1

    Gaps                      13        6
    Linker created                     40   98'712
--------------------------------------------------
    Grand Total:           9'194      548   98'973


*******************************************************************************
*** ENTRY LIST
***

Entry                       Address   Size  Type      Object
-----                       -------   ----  ----      ------
.iar.dynexit$$Base      0x2000'00f8          --   Gb  - Linker created -
.iar.dynexit$$Limit     0x2000'029c          --   Gb  - Linker created -
.iar.init_table$$Base        0x2484          --   Gb  - Linker created -
.iar.init_table$$Limit       0x24ac          --   Gb  - Linker created -
?main                        0x24cd         Code  Gb  cmain.o [6]
Aldata                  0x2000'00d0    0x8  Data  Lc  heap0.o [2]
BusFault_Handler              0xb13         Code  Wk  vectortrap_M.o [6]
CSTACK$$Base            0x2000'02a0          --   Gb  - Linker created -
CSTACK$$Limit           0x2000'82a0          --   Gb  - Linker created -
DebugMon_Handler              0xb13         Code  Wk  vectortrap_M.o [6]
DtorRecArray            0x2000'00f8    0xc  Data  Lc  cppinit.o [2]
EightBitHistogram            0x1f69         Code  Gb  histogram.o [1]
HEAP$$Base              0x2000'82a0          --   Gb  - Linker created -
HEAP$$Limit             0x2001'82a0          --   Gb  - Linker created -
HardFault_Handler             0xb13         Code  Wk  vectortrap_M.o [6]
Initialization guard variable for std::ctype<char> const & std::use_facet<std::ctype<char>>()::_MyFacet
                        0x2000'00f6    0x1  Data  Wk  main.o [1]
MemManage_Handler             0xb13         Code  Wk  vectortrap_M.o [6]
NMI_Handler                   0xb13         Code  Wk  vectortrap_M.o [6]
PendSV_Handler                0xb13         Code  Wk  vectortrap_M.o [6]
Region$$Table$$Base          0x2484          --   Gb  - Linker created -
Region$$Table$$Limit         0x24ac          --   Gb  - Linker created -
SHT$$INIT_ARRAY$$Base        0x25f4          --   Gb  - Linker created -
SHT$$INIT_ARRAY$$Limit       0x25f8          --   Gb  - Linker created -
SHT$$PREINIT_ARRAY$$Base
                             0x25f0          --   Gb  - Linker created -
SHT$$PREINIT_ARRAY$$Limit
                             0x25f4          --   Gb  - Linker created -
SVC_Handler                   0xb13         Code  Wk  vectortrap_M.o [6]
SysTick_Handler               0xb13         Code  Wk  vectortrap_M.o [6]
UsageFault_Handler            0xb13         Code  Wk  vectortrap_M.o [6]
Virtual function table for std::_Wrap_facet<std::ctype<char>>
                             0x2574   0x10  Data  Wk  main.o [1]
Virtual function table for std::ios_base
                             0x2584   0x10  Data  Wk  ios.o [3]
[local to ios_cpp]::std::stdopens
                        0x2000'0078    0xc  Data  Lc  ios.o [3]
[local to ios_cpp]::std::stdstr
                        0x2000'0084   0x28  Data  Lc  ios.o [3]
[local to iostream_cout_cpp]::std::__iarcoutguard
                        0x2000'0034    0x1  Data  Lc  iostream_cout.o [3]
[local to iostream_cout_cpp]::std::fout
                        0x2000'0038   0x40  Data  Lc  iostream_cout.o [3]
_LitobSmallNoMb               0x3ff   0xd0  Code  Lc  xprintfsmall_nomb.o [2]
_PrintfSmallNoMb               0x41  0x3b2  Code  Gb  xprintfsmall_nomb.o [2]
_PutcharSmallNoMb             0x4cf   0x20  Code  Lc  xprintfsmall_nomb.o [2]
_PutcharsSmallNoMb            0x4ef   0x2e  Code  Lc  xprintfsmall_nomb.o [2]
_SProut                       0x583    0xa  Code  Gb  xsprout.o [2]
__aeabi_atexit                0xc0d    0xa  Code  Gb  cxxabi.o [4]
__aeabi_memcpy               0x109d         Code  Gb  ABImemcpy.o [6]
__aeabi_memcpy4              0x10bd         Code  Gb  ABImemcpy.o [6]
__aeabi_memcpy8              0x10bd         Code  Gb  ABImemcpy.o [6]
__aeabi_memmove               0xf79         Code  Gb  ABImemmove.o [6]
__aeabi_memmove4              0xf79         Code  Gb  ABImemmove.o [6]
__aeabi_memmove8              0xf79         Code  Gb  ABImemmove.o [6]
__aeabi_memset               0x11ad         Code  Gb  ABImemset.o [6]
__basic_free                 0x1419   0x16  Code  Gb  heap0.o [2]
__basic_free_intern          0x142f   0x74  Code  Lc  heap0.o [2]
__basic_malloc               0x136d   0x18  Code  Gb  heap0.o [2]
__basic_malloc_intern        0x1385   0x94  Code  Lc  heap0.o [2]
__call_ctors                  0xdd1   0x18  Code  Gb  cppinit.o [2]
__call_dtors                  0xe1f    0xc  Code  Gb  cppinit.o [2]
__call_dtors0                 0xe2b   0x36  Code  Gb  cppinit.o [2]
__cexit_call_dtors           0x24f7         Code  Gb  cexit.o [6]
__cmain                      0x24cd         Code  Gb  cmain.o [6]
__cstart_call_dtors          0x2610         Data  Gb  cstart_call_dtors.o [6]
__cxa_atexit                  0xde9   0x36  Code  Gb  cppinit.o [2]
__data_GetMemChunk           0x14d1   0x2c  Code  Gb  xgetmemchunk.o [2]
__data_GetMemChunk::start
                        0x2000'00ec    0x4  Data  Lc  xgetmemchunk.o [2]
__dso_handle            0x2000'00e4    0x4  Data  Gb  cppinit.o [2]
__dwrite                     0x226d   0x1e  Code  Gb  dwrite.o [7]
__exit                        0x669   0x14  Code  Gb  exit.o [7]
__iar_Fail_s                  0x58d   0x1c  Code  Gb  xfail_s.o [2]
__iar_Memchr                  0x609         Code  Gb  memchr.o [6]
__iar_Memset                 0x11ad         Code  Gb  ABImemset.o [6]
__iar_Memset_word            0x11b5         Code  Gb  ABImemset.o [6]
__iar_Strchr                  0x56d         Code  Gb  strchr.o [6]
__iar_close_ttio              0x67d   0x2c  Code  Gb  iarttio.o [7]
__iar_copy_init3              0x543   0x2a  Code  Gb  copy_init3.o [6]
__iar_cstart_call_ctors
                             0x24ad   0x20  Code  Gb  cmain_call_ctors.o [6]
__iar_data_init3             0x23b5   0x28  Code  Gb  data_init.o [6]
__iar_debug_exceptions        0xd87    0x1  Data  Gb  unwind_debug.o [7]
__iar_get_ttio                0x6a9   0x4c  Code  Gb  iarttio.o [7]
__iar_init_vfp               0x2461         Code  Gb  fpinit_M.o [5]
__iar_lookup_ttioh            0x6f9    0x8  Code  Gb  XShttio.o [2]
__iar_program_start          0x2505         Code  Gb  cstartup_M.o [6]
__iar_sh_stdout              0x228b   0x20  Code  Gb  iarwstd.o [7]
__iar_sh_write               0x22ab   0x22  Code  Gb  iarwrite.o [7]
__iar_tls$$INIT_ARRAY$$Base
                             0x25f8          --   Gb  - Linker created -
__iar_tls$$INIT_ARRAY$$Limit
                             0x25f8          --   Gb  - Linker created -
__iar_ttio_handles      0x2000'0000    0x8  Data  Lc  XShttio.o [2]
__iar_zero_init3             0x22cd   0x38  Code  Gb  zero_init3.o [6]
__low_level_init             0x24eb    0x4  Code  Gb  low_level_init.o [2]
__sti__routine               0x1863    0xa  Code  Lc  ios.o [3]
__sti__routine               0x1d01   0x90  Code  Lc  iostream_cout.o [3]
__vector_table                  0x0         Data  Gb  vector_table_M.o [6]
__write                      0x225d   0x10  Code  Gb  write.o [7]
_call_main                   0x24d9         Code  Gb  cmain.o [6]
_exit                        0x24f5         Code  Gb  cexit.o [6]
abort                         0x661    0x6  Code  Gb  abort.o [2]
exit                         0x24ef    0x4  Code  Gb  exit.o [2]
free                         0x1367    0x4  Code  Gb  heaptramp0.o [2]
image0                       0x25c8    0xc  Data  Lc  main.o [1]
main                         0x1f31   0x22  Code  Gb  main.o [1]
memchr                        0x609         Code  Gb  memchr.o [6]
next_abi_dtor_rec       0x2000'00e0    0x4  Data  Lc  cppinit.o [2]
operator delete (void *)
                             0x12d7    0xa  Code  Gb  delop_0.o [4]
operator delete (void *, unsigned int)
                             0x19c5    0x4  Code  Gb  delop4_0.o [4]
operator new (unsigned int)
                             0x14a9   0x24  Code  Gb  newop_0.o [4]
putchar                      0x223d   0x20  Code  Gb  putchar.o [2]
sec_hand                0x2000'00f0    0x4  Data  Lc  xfail_s.o [2]
showHistogram(unsigned short *)
                             0x1ef9   0x38  Code  Gb  main.o [1]
sprintf                      0x1ff9   0x40  Code  Gb  sprintf.o [2]
std::_Fpz               0x2000'00c0   0x10  Data  Gb  ios.o [3]
std::_NomemoryNothrow()
                             0x14fd    0x4  Code  Gb  nomemory.o [4]
std::__iar_New_hand     0x2000'00e8    0x4  Data  Gb  new.o [4]
std::__nobasic_filebuf<char, std::char_traits<char>>::overflow(int)
                             0x2205   0x38  Code  Wk  iostream_cout.o [3]
std::cout               0x2000'0008   0x2c  Data  Gb  iostream_cout.o [3]
std::ctype<char> const & std::use_facet<std::ctype<char>>()::_MyFacet
                        0x2000'00dc    0x4  Data  Wk  main.o [1]
std::ios_base::_Addstd(std::ios_base*)
                             0x18cd   0x32  Code  Gb  ios.o [3]
std::ios_base::_Callfns(std::ios_base::event)
                             0x18b1   0x1c  Code  Gb  ios.o [3]
std::ios_base::_Init()       0x190d   0x1c  Code  Gb  ios.o [3]
std::ios_base::_Tidy()       0x1929   0x38  Code  Gb  ios.o [3]
std::ios_base::clear(std::_Iosb<int>::_Iostate, bool)
                             0x186d   0x20  Code  Gb  ios.o [3]
std::ios_base::~ios_base()
                             0x188d   0x24  Code  Gb  ios.o [3]
std::ios_base::~ios_base() [subobject]
                             0x1861    0x2  Code  Gb  ios.o [3]
std::ostream::flush()        0x17a3   0x54  Code  Wk  main.o [1]
std::streambuf::_Lock()
                              0x667    0x2  Code  Wk  iostream_cout.o [3]
std::streambuf::_Unlock()
                              0x93f    0x2  Code  Wk  iostream_cout.o [3]
std::streambuf::overflow(int)
                              0x603    0x6  Code  Wk  iostream_cout.o [3]
std::streambuf::sync()       0x260d    0x4  Code  Wk  iostream_cout.o [3]
std::streambuf::xsputn(char const *, int)
                             0x2099   0x5e  Code  Wk  iostream_cout.o [3]
strchr                        0x56d         Code  Gb  strchr.o [6]
strlen                        0x5cd         Code  Gb  strlen.o [6]


[1] = C:\Users\menin\Local Documents\marianahenrique_ELF74\Lab3\Debug\Obj\source
[2] = dl7M_tln.a
[3] = dlpp7M_tl_nc.a
[4] = dlpprt7M_tl_nc.a
[5] = m7M_tls.a
[6] = rt7M_tl.a
[7] = shb_l.a

   9'194 bytes of readonly  code memory
     548 bytes of readonly  data memory
  98'973 bytes of readwrite data memory

Errors: none
Warnings: none
