###############################################################################
#
# IAR ELF Linker V9.20.4.327/W64 for ARM                  15/Sep/2022  21:56:55
# Copyright 2007-2022 IAR Systems AB.
#
#    Output file  =
#        C:\Users\menin\Local
#        Documents\marianahenrique_ELF74\Lab2\Debug\Exe\Lab2.out
#    Map file     =
#        C:\Users\menin\Local
#        Documents\marianahenrique_ELF74\Lab2\Debug\List\Lab2.map
#    Command line =
#        -f "C:\Users\menin\Local
#        Documents\marianahenrique_ELF74\Lab2\Debug\Exe\Lab2.out.rsp"
#        ("C:\Users\menin\Local
#        Documents\TivaWare_C_Series-2.2.0.295\driverlib\ewarm\Exe\driverlib.a"
#        "C:\Users\menin\Local
#        Documents\marianahenrique_ELF74\Lab2\Debug\Obj\source\lab2.o"
#        "C:\Users\menin\Local
#        Documents\marianahenrique_ELF74\Lab2\Debug\Obj\source\startup_ewarm.o"
#        --no_out_extension -o "C:\Users\menin\Local
#        Documents\marianahenrique_ELF74\Lab2\Debug\Exe\Lab2.out" --map
#        "C:\Users\menin\Local
#        Documents\marianahenrique_ELF74\Lab2\Debug\List\Lab2.map" --config
#        "C:\Program Files\IAR Systems\Embedded Workbench
#        9.0\arm\config\linker\TexasInstruments\TM4C1294NC.icf" --semihosting
#        --entry __iar_program_start --vfe --text_out locale)
#
###############################################################################

*******************************************************************************
*** RUNTIME MODEL ATTRIBUTES
***

CppFlavor                     = *
__CPP_Exceptions              = Disabled
__CPP_Language                = C++14
__CPP_Library                 = DLib
__CPP_Runtime                 = 1
__Heap_Handler                = Basic
__SystemLibrary               = DLib
__dlib_dynamic_initialization = normal
__dlib_version                = 6


*******************************************************************************
*** HEAP SELECTION
***

The basic heap was selected because some modules are built with
size limitations (and not runtime checking), and --advanced_heap
was not specified.


*******************************************************************************
*** PLACEMENT SUMMARY
***

"A0":  place at address 0x0 { ro section .intvec };
"P1":  place in [from 0x0 to 0xf'ffff] { ro };
define block CSTACK with size = 32K, alignment = 8 { };
define block HEAP with size = 64K, alignment = 8 { };
"P2":  place in [from 0x2000'0000 to 0x2003'ffff] {
          rw, block CSTACK, block HEAP };
do not initialize { rw section .noinit };
initialize by copy { rw };

  Section                Kind         Address    Size  Object
  -------                ----         -------    ----  ------
"A0":                                           0x200
  .intvec                const            0x0   0x200  startup_ewarm.o [1]
                                      - 0x200   0x200

"P1":                                          0x2f7c
  .text                  ro code        0x200   0xd2e  xprintflarge_nomb.o [2]
  .text                  ro code        0xf2e    0x2a  copy_init3.o [7]
  .text                  ro code        0xf58    0x16  strchr.o [7]
  .text                  ro code        0xf6e     0x6  iostream_cout.o [3]
  .text                  ro code        0xf74    0x40  xfail_s.o [2]
  .text                  ro code        0xfb4    0x36  strlen.o [7]
  .text                  ro code        0xfea     0x2  iostream_cout.o [3]
  .text                  ro code        0xfec    0x58  memchr.o [7]
  .text                  ro code       0x1044    0x76  ABImemcpy_unaligned.o [7]
  .text                  ro code       0x10ba     0x2  iostream_cout.o [3]
  .text                  ro code       0x10bc    0x70  frexp.o [6]
  .text                  ro code       0x112c   0x246  DblDiv.o [6]
  .rodata                const         0x1372     0x1  unwind_debug.o [8]
  .text                  ro code       0x1374    0x22  DblToU32.o [6]
  .text                  ro code       0x1398    0x1c  U32ToDbl.o [6]
  .text                  ro code       0x13b4   0x24e  DblAddSub.o [6]
  .text                  ro code       0x1604   0x1aa  DblMul.o [6]
  .text                  ro code       0x17b0   0x230  I64DivMod.o [7]
  .text                  ro code       0x19e0     0x6  abort.o [2]
  .text                  ro code       0x19e8     0x2  I64DivZer.o [7]
  .text                  ro code       0x19ec    0x14  exit.o [8]
  .text                  ro code       0x1a00    0x7c  iarttio.o [8]
  .text                  ro code       0x1a7c     0x8  XShttio.o [2]
  .text                  ro code       0x1a84   0x2a8  sysctl.o [5]
  .text                  ro code       0x1d2c   0x270  gpio.o [5]
  .text                  ro code       0x1f9c   0x1c0  lab2.o [1]
  .text                  ro code       0x215c   0x1b2  lab2.o [1]
  .text                  ro code       0x2310    0x34  systick.o [5]
  .text                  ro code       0x2344    0x80  interrupt.o [5]
  .text                  ro code       0x23c4    0x22  S32ToDbl.o [6]
  .text                  ro code       0x23e8    0x68  DblToFlt.o [6]
  .text                  ro code       0x2450    0x48  FltToDbl.o [6]
  .text                  ro code       0x2498    0x28  printf.o [2]
  .text                  ro code       0x24c0     0x8  lab2.o [1]
  .text                  ro code       0x24c8     0x4  lab2.o [1]
  .text                  ro code       0x24cc    0x72  lab2.o [1]
  .text                  ro code       0x253e     0x4  lab2.o [1]
  .text                  ro code       0x2542     0x8  lab2.o [1]
  .text                  ro code       0x254a     0x4  lab2.o [1]
  .text                  ro code       0x254e     0x6  lab2.o [1]
  .text                  ro code       0x2554     0x6  lab2.o [1]
  .text                  ro code       0x255a     0x4  lab2.o [1]
  .text                  ro code       0x255e    0x32  lab2.o [1]
  .text                  ro code       0x2590    0x12  lab2.o [1]
  .text                  ro code       0x25a2     0xa  lab2.o [1]
  .text                  ro code       0x25ac     0x8  lab2.o [1]
  .text                  ro code       0x25b4    0x28  lab2.o [1]
  .text                  ro code       0x25dc     0xe  lab2.o [1]
  .text                  ro code       0x25ec     0x8  cpu.o [5]
  .text                  ro code       0x25f4     0x8  lab2.o [1]
  .text                  ro code       0x25fc    0x14  lab2.o [1]
  .text                  ro code       0x2610     0x4  lab2.o [1]
  .text                  ro code       0x2614    0x54  lab2.o [1]
  .text                  ro code       0x2668    0x18  lab2.o [1]
  .text                  ro code       0x2680     0xe  lab2.o [1]
  .text                  ro code       0x268e     0x4  lab2.o [1]
  .text                  ro code       0x2692     0x4  lab2.o [1]
  .text                  ro code       0x2696    0x18  lab2.o [1]
  .text                  ro code       0x26ae     0x8  lab2.o [1]
  .text                  ro code       0x26b6    0x28  lab2.o [1]
  .text                  ro code       0x26de     0xa  lab2.o [1]
  .text                  ro code       0x26e8    0x14  lab2.o [1]
  .text                  ro code       0x26fc   0x100  ios.o [3]
  .text                  ro code       0x27fc     0x8  lab2.o [1]
  .text                  ro code       0x2804    0x54  lab2.o [1]
  .text                  ro code       0x2858     0x8  lab2.o [1]
  .text                  ro code       0x2860     0x4  delop4_0.o [4]
  .text                  ro code       0x2864    0x48  lab2.o [1]
  .text                  ro code       0x28ac    0x46  lab2.o [1]
  .text                  ro code       0x28f2     0xa  delop_0.o [4]
  .text                  ro code       0x28fc     0x4  heaptramp0.o [2]
  .text                  ro code       0x2900    0x90  heap0.o [2]
  .rodata                const         0x2990   0x1b0  sysctl.o [5]
  .text                  ro code       0x2b40    0xa0  cppinit.o [2]
  .text                  ro code       0x2be0    0x90  iostream_cout.o [3]
  .text                  ro code       0x2c70    0x5c  iostream_cout.o [3]
  .text                  ro code       0x2ccc     0xa  cxxabi.o [4]
  .rodata                const         0x2cd8    0x6c  sysctl.o [5]
  .text                  ro code       0x2d44    0x5e  iostream_cout.o [3]
  .rodata                const         0x2da4    0x4c  lab2.o [1]
  .rodata                const         0x2df0    0x44  iostream_cout.o [3]
  .rodata                const         0x2e34    0x44  iostream_cout.o [3]
  .text                  ro code       0x2e78    0x38  iostream_cout.o [3]
  .text                  ro code       0x2eb0    0x20  putchar.o [2]
  .text                  ro code       0x2ed0    0x10  write.o [8]
  .text                  ro code       0x2ee0    0x1e  dwrite.o [8]
  .text                  ro code       0x2efe    0x20  iarwstd.o [8]
  .text                  ro code       0x2f1e    0x22  iarwrite.o [8]
  .text                  ro code       0x2f40    0x38  zero_init3.o [7]
  .rodata                const         0x2f78    0x30  sysctl.o [5]
  .rodata                const         0x2fa8    0x28  lab2.o [1]
  .rodata                const         0x2fd0    0x28  iostream_cout.o [3]
  .text                  ro code       0x2ff8    0x28  data_init.o [7]
  .text                  ro code       0x3020    0x22  fpinit_M.o [6]
  .iar.init_table        const         0x3044    0x28  - Linker created -
  .text                  ro code       0x306c    0x20  cmain_call_ctors.o [7]
  .text                  ro code       0x308c    0x1e  startup_ewarm.o [1]
  .text                  ro code       0x30ac    0x1c  cstartup_M.o [7]
  .text                  ro code       0x30c8    0x1e  cmain.o [7]
  .text                  ro code       0x30e6     0x4  low_level_init.o [2]
  .text                  ro code       0x30ea     0x4  exit.o [2]
  .text                  ro code       0x30f0     0xe  cexit.o [7]
  .text                  ro code       0x30fe    0x16  xprout.o [2]
  .text                  ro code       0x3114    0x14  iostream_cout.o [3]
  .rodata                const         0x3128    0x10  ios.o [3]
  .rodata                const         0x3138    0x10  iostream_cout.o [3]
  .rodata                const         0x3148    0x10  iostream_cout.o [3]
  .text                  ro code       0x3158     0xe  iostream_cout.o [3]
  SHT$$PREINIT_ARRAY                   0x3168     0x4  <Block>
    .preinit_array       const         0x3168     0x4  iostream_cout.o [3]
  SHT$$INIT_ARRAY                      0x316c     0x4  <Block>
    .init_array          const         0x316c     0x4  ios.o [3]
  __iar_tls$$INIT_ARRAY                0x3170     0x0  <Block>
  Initializer bytes      const         0x3170     0x8  <for P2-1>
  .text                  ro code       0x3178     0x4  iostream_cout.o [3]
  .text                  ro code       0x317c     0x0  cstart_call_dtors.o [7]
  .rodata                const         0x317c     0x0  zero_init3.o [7]
  .rodata                const         0x317c     0x0  copy_init3.o [7]
                                     - 0x317c  0x2f7c

"P2", part 1 of 3:                                0x8
  P2-1                            0x2000'0000     0x8  <Init block>
    .data                inited   0x2000'0000     0x8  XShttio.o [2]
                                - 0x2000'0008     0x8

"P2", part 2 of 3:                               0xe8
  .bss                   zero     0x2000'0008    0x70  iostream_cout.o [3]
  .bss                   zero     0x2000'0078    0x34  ios.o [3]
  .bss                   zero     0x2000'00ac     0x4  lab2.o [1]
  .bss                   zero     0x2000'00b0    0x10  ios.o [3]
  .bss                   zero     0x2000'00c0     0x8  heap0.o [2]
  .bss                   zero     0x2000'00c8     0x4  lab2.o [1]
  .bss                   zero     0x2000'00cc     0x4  lab2.o [1]
  .bss                   zero     0x2000'00d0     0x4  lab2.o [1]
  .bss                   zero     0x2000'00d4     0x4  lab2.o [1]
  .bss                   zero     0x2000'00d8     0x4  lab2.o [1]
  .bss                   zero     0x2000'00dc     0x4  iostream_cout.o [3]
  .bss                   zero     0x2000'00e0     0x4  cppinit.o [2]
  .bss                   zero     0x2000'00e4     0x4  cppinit.o [2]
  .bss                   zero     0x2000'00e8     0x4  xfail_s.o [2]
  .bss                   zero     0x2000'00ec     0x1  iostream_cout.o [3]
                                - 0x2000'00ed    0xe5

"P2", part 3 of 3:                              0x298
  .noinit                uninit   0x2000'00f0   0x100  startup_ewarm.o [1]
  .iar.dynexit                    0x2000'01f0   0x198  <Block>
    .iar.dynexit         uninit   0x2000'01f0     0xc  cppinit.o [2]
    .iar.dynexit         uninit   0x2000'01fc   0x18c  <Block tail>
                                - 0x2000'0388   0x298

Unused ranges:

         From           To      Size
         ----           --      ----
       0x317c     0xf'ffff  0xf'ce84
  0x2000'0388  0x2003'ffff  0x3'fc78


*******************************************************************************
*** INIT TABLE
***

          Address      Size
          -------      ----
Zero (__iar_zero_init3)
    1 destination range, total size 0xe5:
          0x2000'0008  0xe5

Copy (__iar_copy_init3)
    1 source range, total size 0x8:
               0x3170   0x8
    1 destination range, total size 0x8:
          0x2000'0000   0x8

Extra (__iar_cstart_call_ctors)



*******************************************************************************
*** MODULE SUMMARY
***

    Module                 ro code  ro data  rw data
    ------                 -------  -------  -------
command line/config:
    ------------------------------------------------
    Total:

C:\Users\menin\Local Documents\marianahenrique_ELF74\Lab2\Debug\Obj\source: [1]
    lab2.o                   1'686      116       24
    startup_ewarm.o             30      512      256
    ------------------------------------------------
    Total:                   1'716      628      280

dl7M_tln.a: [2]
    XShttio.o                    8        8        8
    abort.o                      6
    cppinit.o                  160                20
    exit.o                       4
    heap0.o                    144                 8
    heaptramp0.o                 4
    low_level_init.o             4
    printf.o                    40
    putchar.o                   32
    xfail_s.o                   64                 4
    xprintflarge_nomb.o      3'374
    xprout.o                    22
    ------------------------------------------------
    Total:                   3'862        8       40

dlpp7M_tl_nc.a: [3]
    ios.o                      256       20       68
    iostream_cout.o            434      212      117
    ------------------------------------------------
    Total:                     690      232      185

dlpprt7M_tl_nc.a: [4]
    cxxabi.o                    10
    delop4_0.o                   4
    delop_0.o                   10
    ------------------------------------------------
    Total:                      24

driverlib.a: [5]
    cpu.o                        8
    gpio.o                     624
    interrupt.o                128
    sysctl.o                   680      588
    systick.o                   52
    ------------------------------------------------
    Total:                   1'492      588

m7M_tls.a: [6]
    DblAddSub.o                590
    DblDiv.o                   582
    DblMul.o                   426
    DblToFlt.o                 104
    DblToU32.o                  34
    FltToDbl.o                  72
    S32ToDbl.o                  34
    U32ToDbl.o                  28
    fpinit_M.o                  34
    frexp.o                    112
    ------------------------------------------------
    Total:                   2'016

rt7M_tl.a: [7]
    ABImemcpy_unaligned.o      118
    I64DivMod.o                560
    I64DivZer.o                  2
    cexit.o                     14
    cmain.o                     30
    cmain_call_ctors.o          32
    copy_init3.o                42
    cstart_call_dtors.o
    cstartup_M.o                28
    data_init.o                 40
    memchr.o                    88
    strchr.o                    22
    strlen.o                    54
    zero_init3.o                56
    ------------------------------------------------
    Total:                   1'086

shb_l.a: [8]
    dwrite.o                    30
    exit.o                      20
    iarttio.o                  124
    iarwrite.o                  34
    iarwstd.o                   32
    unwind_debug.o                        1
    write.o                     16
    ------------------------------------------------
    Total:                     256        1

    Gaps                        21        6
    Linker created                       40      396
----------------------------------------------------
    Grand Total:            11'163    1'503      901


*******************************************************************************
*** ENTRY LIST
***

Entry                       Address   Size  Type      Object
-----                       -------   ----  ----      ------
.iar.dynexit$$Base      0x2000'01f0          --   Gb  - Linker created -
.iar.dynexit$$Limit     0x2000'0388          --   Gb  - Linker created -
.iar.init_table$$Base        0x3044          --   Gb  - Linker created -
.iar.init_table$$Limit       0x306c          --   Gb  - Linker created -
?main                        0x30c9         Code  Gb  cmain.o [7]
Aldata                  0x2000'00c0    0x8  Data  Lc  heap0.o [2]
CPUcpsie                     0x25ed    0x8  Code  Gb  cpu.o [5]
DtorRecArray            0x2000'01f0    0xc  Data  Lc  cppinit.o [2]
FaultISR                     0x30a7    0x2  Code  Lc  startup_ewarm.o [1]
FlagInicioJogo          0x2000'00cc    0x4  Data  Gb  lab2.o [1]
FlagVenceuJogo          0x2000'00c8    0x4  Data  Gb  lab2.o [1]
GPIODirModeSet               0x1d2d   0x28  Code  Gb  gpio.o [5]
GPIOIntClear                 0x1f33    0x8  Code  Gb  gpio.o [5]
GPIOIntDisable               0x1f2d    0x6  Code  Gb  gpio.o [5]
GPIOIntEnable                0x1f27    0x6  Code  Gb  gpio.o [5]
GPIOIntTypeSet               0x1d55   0x4c  Code  Gb  gpio.o [5]
GPIOPadConfigSet             0x1da1  0x186  Code  Gb  gpio.o [5]
GPIOPinTypeGPIOInput         0x1f47   0x14  Code  Gb  gpio.o [5]
GPIOPinTypeGPIOOutput        0x1f5b    0xa  Code  Gb  gpio.o [5]
GPIOPinWrite                 0x1f3b    0x8  Code  Gb  gpio.o [5]
IntDefaultHandler            0x30a9    0x2  Code  Lc  startup_ewarm.o [1]
IntEnable                    0x2355   0x52  Code  Gb  interrupt.o [5]
IntMasterEnable              0x2345    0x8  Code  Gb  interrupt.o [5]
NmiSR                        0x30a5    0x2  Code  Lc  startup_ewarm.o [1]
Region$$Table$$Base          0x3044          --   Gb  - Linker created -
Region$$Table$$Limit         0x306c          --   Gb  - Linker created -
ResetISR                     0x308d   0x12  Code  Gb  startup_ewarm.o [1]
SHT$$INIT_ARRAY$$Base        0x316c          --   Gb  - Linker created -
SHT$$INIT_ARRAY$$Limit       0x3170          --   Gb  - Linker created -
SHT$$PREINIT_ARRAY$$Base
                             0x3168          --   Gb  - Linker created -
SHT$$PREINIT_ARRAY$$Limit
                             0x316c          --   Gb  - Linker created -
SysCtlClockFreqSet           0x1ae7  0x206  Code  Gb  sysctl.o [5]
SysCtlPeripheralEnable       0x1ac9    0x8  Code  Gb  sysctl.o [5]
SysCtlPeripheralReady        0x1aa7    0x8  Code  Gb  sysctl.o [5]
SysTickDisable               0x231d    0xc  Code  Gb  systick.o [5]
SysTickEnable                0x2311    0xc  Code  Gb  systick.o [5]
SysTickIntEnable             0x2329    0xc  Code  Gb  systick.o [5]
SysTickPeriodSet             0x2335    0x8  Code  Gb  systick.o [5]
Virtual function table for std::ios_base
                             0x3128   0x10  Data  Wk  ios.o [3]
[local to ios_cpp]::std::stdopens
                        0x2000'0078    0xc  Data  Lc  ios.o [3]
[local to ios_cpp]::std::stdstr
                        0x2000'0084   0x28  Data  Lc  ios.o [3]
[local to iostream_cout_cpp]::std::__iarcoutguard
                        0x2000'0034    0x1  Data  Lc  iostream_cout.o [3]
[local to iostream_cout_cpp]::std::fout
                        0x2000'0038   0x40  Data  Lc  iostream_cout.o [3]
_LitobLargeNoMb               0xd0d  0x10c  Code  Lc  xprintflarge_nomb.o [2]
_PrintfLargeNoMb              0x201  0xb06  Code  Gb  xprintflarge_nomb.o [2]
_Prout                       0x30ff   0x16  Code  Gb  xprout.o [2]
_PutcharLargeNoMb             0xe75   0x20  Code  Lc  xprintflarge_nomb.o [2]
_PutcharsLargeNoMb            0xe95   0x2e  Code  Lc  xprintflarge_nomb.o [2]
_SysCtlMemTimingGet          0x1a85   0x22  Code  Lc  sysctl.o [5]
__aeabi_atexit               0x2ccd    0xa  Code  Gb  cxxabi.o [4]
__aeabi_d2f                  0x23e9         Code  Gb  DblToFlt.o [6]
__aeabi_d2uiz                0x1375         Code  Gb  DblToU32.o [6]
__aeabi_ddiv                 0x112d         Code  Gb  DblDiv.o [6]
__aeabi_dmul                 0x1605         Code  Gb  DblMul.o [6]
__aeabi_dsub                 0x1521         Code  Gb  DblAddSub.o [6]
__aeabi_f2d                  0x2451         Code  Gb  FltToDbl.o [6]
__aeabi_i2d                  0x23c5         Code  Gb  S32ToDbl.o [6]
__aeabi_ldiv0                0x19e9         Code  Gb  I64DivZer.o [7]
__aeabi_ui2d                 0x1399         Code  Gb  U32ToDbl.o [6]
__aeabi_uldivmod             0x17b1         Code  Gb  I64DivMod.o [7]
__basic_free                 0x2901   0x16  Code  Gb  heap0.o [2]
__basic_free_intern          0x2917   0x74  Code  Lc  heap0.o [2]
__call_ctors                 0x2b41   0x18  Code  Gb  cppinit.o [2]
__call_dtors                 0x2b8f    0xc  Code  Gb  cppinit.o [2]
__call_dtors0                0x2b9b   0x36  Code  Gb  cppinit.o [2]
__cexit_call_dtors           0x30f3         Code  Gb  cexit.o [7]
__cmain                      0x30c9         Code  Gb  cmain.o [7]
__cstart_call_dtors          0x317c         Data  Gb  cstart_call_dtors.o [7]
__cxa_atexit                 0x2b59   0x36  Code  Gb  cppinit.o [2]
__dso_handle            0x2000'00e4    0x4  Data  Gb  cppinit.o [2]
__dwrite                     0x2ee1   0x1e  Code  Gb  dwrite.o [8]
__exit                       0x19ed   0x14  Code  Gb  exit.o [8]
__iar_Fail_s                  0xf75   0x1c  Code  Gb  xfail_s.o [2]
__iar_Memchr                  0xfed         Code  Gb  memchr.o [7]
__iar_Strchr                  0xf59         Code  Gb  strchr.o [7]
__iar_close_ttio             0x1a01   0x2c  Code  Gb  iarttio.o [8]
__iar_copy_init3              0xf2f   0x2a  Code  Gb  copy_init3.o [7]
__iar_cstart_call_ctors
                             0x306d   0x20  Code  Gb  cmain_call_ctors.o [7]
__iar_data_init3             0x2ff9   0x28  Code  Gb  data_init.o [7]
__iar_debug_exceptions       0x1372    0x1  Data  Gb  unwind_debug.o [8]
__iar_frexp                  0x10c9         Code  Gb  frexp.o [6]
__iar_frexpl                 0x10c9         Code  Gb  frexp.o [6]
__iar_get_ttio               0x1a2d   0x4c  Code  Gb  iarttio.o [8]
__iar_init_vfp               0x3021         Code  Gb  fpinit_M.o [6]
__iar_lookup_ttioh           0x1a7d    0x8  Code  Gb  XShttio.o [2]
__iar_program_start          0x30ad         Code  Gb  cstartup_M.o [7]
__iar_sh_stdout              0x2eff   0x20  Code  Gb  iarwstd.o [8]
__iar_sh_write               0x2f1f   0x22  Code  Gb  iarwrite.o [8]
__iar_softfp___iar_frexp64
                             0x10bd         Code  Gb  frexp.o [6]
__iar_softfp_frexp           0x10bd         Code  Gb  frexp.o [6]
__iar_softfp_frexpl          0x10bd         Code  Gb  frexp.o [6]
__iar_tls$$INIT_ARRAY$$Base
                             0x3170          --   Gb  - Linker created -
__iar_tls$$INIT_ARRAY$$Limit
                             0x3170          --   Gb  - Linker created -
__iar_ttio_handles      0x2000'0000    0x8  Data  Lc  XShttio.o [2]
__iar_unaligned_memcpy       0x1045         Code  Gb  ABImemcpy_unaligned.o [7]
__iar_unaligned_memcpy4
                             0x1065         Code  Gb  ABImemcpy_unaligned.o [7]
__iar_unaligned_memcpy8
                             0x1065         Code  Gb  ABImemcpy_unaligned.o [7]
__iar_zero_init3             0x2f41   0x38  Code  Gb  zero_init3.o [7]
__low_level_init             0x30e7    0x4  Code  Gb  low_level_init.o [2]
__sti__routine               0x26ff    0xa  Code  Lc  ios.o [3]
__sti__routine               0x2be1   0x90  Code  Lc  iostream_cout.o [3]
__vector_table                  0x0  0x200  Data  Gb  startup_ewarm.o [1]
__write                      0x2ed1   0x10  Code  Gb  write.o [8]
_call_main                   0x30d5         Code  Gb  cmain.o [7]
_exit                        0x30f1         Code  Gb  cexit.o [7]
abort                        0x19e1    0x6  Code  Gb  abort.o [2]
clocksDecorridos        0x2000'00d0    0x4  Data  Gb  lab2.o [1]
contadorSysTick         0x2000'00ac    0x4  Data  Gb  lab2.o [1]
contadorTempo                0x1fb7    0xa  Code  Gb  lab2.o [1]
exit                         0x30eb    0x4  Code  Gb  exit.o [2]
fimJogo()                    0x1f9d   0x1a  Code  Gb  lab2.o [1]
free                         0x28fd    0x4  Code  Gb  heaptramp0.o [2]
g_pppui32XTALtoVCO           0x2990  0x1b0  Data  Lc  sysctl.o [5]
g_pui32EnRegs                0x23b0   0x14  Data  Lc  interrupt.o [5]
g_pui32VCOFrequencies        0x1d24    0x8  Data  Lc  sysctl.o [5]
g_pui32Xtals                 0x2cd8   0x6c  Data  Lc  sysctl.o [5]
g_sXTALtoMEMTIM              0x2f78   0x30  Data  Lc  sysctl.o [5]
g_ui32SysClock          0x2000'00d8    0x4  Data  Gb  lab2.o [1]
inicioJogo()                 0x1fc1   0x28  Code  Gb  lab2.o [1]
main                         0x2009  0x110  Code  Gb  lab2.o [1]
memchr                        0xfed         Code  Gb  memchr.o [7]
next_abi_dtor_rec       0x2000'00e0    0x4  Data  Lc  cppinit.o [2]
operator delete (void *)
                             0x28f3    0xa  Code  Gb  delop_0.o [4]
operator delete (void *, unsigned int)
                             0x2861    0x4  Code  Gb  delop4_0.o [4]
printf                       0x2499   0x28  Code  Gb  printf.o [2]
pui32Stack              0x2000'00f0  0x100  Data  Lc  startup_ewarm.o [1]
putchar                      0x2eb1   0x20  Code  Gb  putchar.o [2]
scale                         0xe19   0x46  Code  Lc  xprintflarge_nomb.o [2]
sec_hand                0x2000'00e8    0x4  Data  Lc  xfail_s.o [2]
std::_Fpz               0x2000'00b0   0x10  Data  Gb  ios.o [3]
std::__nobasic_filebuf<char, std::char_traits<char>>::overflow(int)
                             0x2e79   0x38  Code  Wk  iostream_cout.o [3]
std::cout               0x2000'0008   0x2c  Data  Gb  iostream_cout.o [3]
std::ios_base::_Addstd(std::ios_base*)
                             0x2769   0x32  Code  Gb  ios.o [3]
std::ios_base::_Callfns(std::ios_base::event)
                             0x274d   0x1c  Code  Gb  ios.o [3]
std::ios_base::_Init()       0x27a9   0x1c  Code  Gb  ios.o [3]
std::ios_base::_Tidy()       0x27c5   0x38  Code  Gb  ios.o [3]
std::ios_base::clear(std::_Iosb<int>::_Iostate, bool)
                             0x2709   0x20  Code  Gb  ios.o [3]
std::ios_base::~ios_base()
                             0x2729   0x24  Code  Gb  ios.o [3]
std::ios_base::~ios_base() [subobject]
                             0x26fd    0x2  Code  Gb  ios.o [3]
std::ostream::flush()        0x2615   0x54  Code  Wk  lab2.o [1]
std::streambuf::_Lock()
                              0xfeb    0x2  Code  Wk  iostream_cout.o [3]
std::streambuf::_Unlock()
                             0x10bb    0x2  Code  Wk  iostream_cout.o [3]
std::streambuf::overflow(int)
                              0xf6f    0x6  Code  Wk  iostream_cout.o [3]
std::streambuf::sync()       0x3179    0x4  Code  Wk  iostream_cout.o [3]
std::streambuf::xsputn(char const *, int)
                             0x2d45   0x5e  Code  Wk  iostream_cout.o [3]
strchr                        0xf59         Code  Gb  strchr.o [7]
strlen                        0xfb5         Code  Gb  strlen.o [7]
tempoSegundos           0x2000'00d4    0x4  Data  Gb  lab2.o [1]
venceuJogo                   0x1fe9   0x20  Code  Gb  lab2.o [1]


[1] = C:\Users\menin\Local Documents\marianahenrique_ELF74\Lab2\Debug\Obj\source
[2] = dl7M_tln.a
[3] = dlpp7M_tl_nc.a
[4] = dlpprt7M_tl_nc.a
[5] = driverlib.a
[6] = m7M_tls.a
[7] = rt7M_tl.a
[8] = shb_l.a

  11'163 bytes of readonly  code memory
   1'503 bytes of readonly  data memory
     901 bytes of readwrite data memory

Errors: none
Warnings: none
