###############################################################################
#
# IAR ELF Linker V9.20.4.327/W64 for ARM                  15/Sep/2022  21:48:06
# Copyright 2007-2022 IAR Systems AB.
#
#    Output file  =
#        C:\Users\menin\Local
#        Documents\marianahenrique_ELF74\blinky\Debug\Exe\blinky.out
#    Map file     =
#        C:\Users\menin\Local
#        Documents\marianahenrique_ELF74\blinky\Debug\List\blinky.map
#    Command line =
#        -f "C:\Users\menin\Local
#        Documents\marianahenrique_ELF74\blinky\Debug\Exe\blinky.out.rsp"
#        ("C:\Users\menin\Local
#        Documents\TivaWare_C_Series-2.2.0.295\driverlib\ewarm\Exe\driverlib.a"
#        "C:\Users\menin\Local
#        Documents\marianahenrique_ELF74\blinky\Debug\Obj\source\main.o"
#        "C:\Users\menin\Local
#        Documents\marianahenrique_ELF74\blinky\Debug\Obj\source\startup_ewarm.o"
#        --no_out_extension -o "C:\Users\menin\Local
#        Documents\marianahenrique_ELF74\blinky\Debug\Exe\blinky.out"
#        --redirect _Printf=_PrintfFullNoMb --redirect _Scanf=_ScanfFullNoMb
#        --map "C:\Users\menin\Local
#        Documents\marianahenrique_ELF74\blinky\Debug\List\blinky.map" --config
#        "C:\Program Files\IAR Systems\Embedded Workbench
#        9.0\arm\config\linker\TexasInstruments\TM4C1294NC.icf" --semihosting
#        --entry __iar_program_start --vfe --text_out locale)
#
###############################################################################

*******************************************************************************
*** RUNTIME MODEL ATTRIBUTES
***

CppFlavor       = *
__CPP_Runtime   = 1
__SystemLibrary = DLib
__dlib_version  = 6


*******************************************************************************
*** HEAP SELECTION
***

The basic heap was selected because some modules are built with
size limitations (and not runtime checking), and --advanced_heap
was not specified.


*******************************************************************************
*** PLACEMENT SUMMARY
***

"A0":  place at address 0x0 { ro section .intvec };
"P1":  place in [from 0x0 to 0xf'ffff] { ro };
define block CSTACK with size = 32K, alignment = 8 { };
define block HEAP with size = 64K, alignment = 8 { };
"P2":  place in [from 0x2000'0000 to 0x2003'ffff] {
          rw, block CSTACK, block HEAP };
do not initialize { rw section .noinit };

  Section          Kind         Address   Size  Object
  -------          ----         -------   ----  ------
"A0":                                    0x200
  .intvec          const            0x0  0x200  startup_ewarm.o [1]
                                - 0x200  0x200

"P1":                                    0x8c0
  .text            ro code        0x200  0x2a8  sysctl.o [3]
  .text            ro code        0x4a8  0x1e0  gpio.o [3]
  .rodata          const          0x688  0x1b0  sysctl.o [3]
  .text            ro code        0x838   0xa0  main.o [1]
  .text            ro code        0x8d8   0x34  systick.o [3]
  .rodata          const          0x90c   0x6c  sysctl.o [3]
  .text            ro code        0x978   0x38  zero_init3.o [5]
  .rodata          const          0x9b0   0x30  sysctl.o [3]
  .text            ro code        0x9e0   0x28  data_init.o [5]
  .text            ro code        0xa08   0x22  fpinit_M.o [4]
  .iar.init_table  const          0xa2c   0x10  - Linker created -
  .text            ro code        0xa3c   0x1e  startup_ewarm.o [1]
  .text            ro code        0xa5c   0x1c  cstartup_M.o [5]
  .text            ro code        0xa78   0x1e  cmain.o [5]
  .text            ro code        0xa96    0x4  low_level_init.o [2]
  .text            ro code        0xa9a    0x4  exit.o [2]
  .text            ro code        0xaa0    0xa  cexit.o [5]
  .text            ro code        0xaac   0x14  exit.o [6]
  .rodata          const          0xac0    0x0  zero_init3.o [5]
                                - 0xac0  0x8c0

"P2", part 1 of 2:                         0x8
  .bss             zero     0x2000'0000    0x4  main.o [1]
  .bss             zero     0x2000'0004    0x4  main.o [1]
                          - 0x2000'0008    0x8

"P2", part 2 of 2:                       0x200
  .noinit          uninit   0x2000'0008  0x200  startup_ewarm.o [1]
                          - 0x2000'0208  0x200

Unused ranges:

         From           To      Size
         ----           --      ----
        0xac0     0xf'ffff  0xf'f540
  0x2000'0208  0x2003'ffff  0x3'fdf8


*******************************************************************************
*** INIT TABLE
***

          Address      Size
          -------      ----
Zero (__iar_zero_init3)
    1 destination range, total size 0x8:
          0x2000'0000   0x8



*******************************************************************************
*** MODULE SUMMARY
***

    Module            ro code  ro data  rw data
    ------            -------  -------  -------
command line/config:
    -------------------------------------------
    Total:

C:\Users\menin\Local Documents\marianahenrique_ELF74\blinky\Debug\Obj\source: [1]
    main.o                160                 8
    startup_ewarm.o        30      512      512
    -------------------------------------------
    Total:                190      512      520

dl7M_tln.a: [2]
    exit.o                  4
    low_level_init.o        4
    -------------------------------------------
    Total:                  8

driverlib.a: [3]
    gpio.o                480
    sysctl.o              680      588
    systick.o              52
    -------------------------------------------
    Total:              1'212      588

m7M_tls.a: [4]
    fpinit_M.o             34
    -------------------------------------------
    Total:                 34

rt7M_tl.a: [5]
    cexit.o                10
    cmain.o                30
    cstartup_M.o           28
    data_init.o            40
    zero_init3.o           56
    -------------------------------------------
    Total:                164

shb_l.a: [6]
    exit.o                 20
    -------------------------------------------
    Total:                 20

    Gaps                    6        2
    Linker created                  16
-----------------------------------------------
    Grand Total:        1'634    1'118      520


*******************************************************************************
*** ENTRY LIST
***

Entry                       Address   Size  Type      Object
-----                       -------   ----  ----      ------
.iar.init_table$$Base         0xa2c          --   Gb  - Linker created -
.iar.init_table$$Limit        0xa3c          --   Gb  - Linker created -
?main                         0xa79         Code  Gb  cmain.o [5]
FaultISR                      0xa57    0x2  Code  Lc  startup_ewarm.o [1]
GPIODirModeSet                0x4a9   0x28  Code  Gb  gpio.o [3]
GPIOPadConfigSet              0x4d1  0x186  Code  Gb  gpio.o [3]
GPIOPinTypeGPIOOutput         0x65f    0xa  Code  Gb  gpio.o [3]
GPIOPinWrite                  0x657    0x8  Code  Gb  gpio.o [3]
IntDefaultHandler             0xa59    0x2  Code  Lc  startup_ewarm.o [1]
LedOFF                        0x86b    0xe  Code  Gb  main.o [1]
LedON                         0x839    0xe  Code  Gb  main.o [1]
NmiSR                         0xa55    0x2  Code  Lc  startup_ewarm.o [1]
Region$$Table$$Base           0xa2c          --   Gb  - Linker created -
Region$$Table$$Limit          0xa3c          --   Gb  - Linker created -
ResetISR                      0xa3d   0x12  Code  Gb  startup_ewarm.o [1]
SysCtlClockFreqSet            0x263  0x206  Code  Gb  sysctl.o [3]
SysCtlPeripheralEnable        0x245    0x8  Code  Gb  sysctl.o [3]
SysCtlPeripheralReady         0x223    0x8  Code  Gb  sysctl.o [3]
SysTickDisable                0x8e5    0xc  Code  Gb  systick.o [3]
SysTickEnable                 0x8d9    0xc  Code  Gb  systick.o [3]
SysTickIntEnable              0x8f1    0xc  Code  Gb  systick.o [3]
SysTickPeriodSet              0x8fd    0x8  Code  Gb  systick.o [3]
_SysCtlMemTimingGet           0x201   0x22  Code  Lc  sysctl.o [3]
__cmain                       0xa79         Code  Gb  cmain.o [5]
__exit                        0xaad   0x14  Code  Gb  exit.o [6]
__iar_data_init3              0x9e1   0x28  Code  Gb  data_init.o [5]
__iar_init_vfp                0xa09         Code  Gb  fpinit_M.o [4]
__iar_program_start           0xa5d         Code  Gb  cstartup_M.o [5]
__iar_zero_init3              0x979   0x38  Code  Gb  zero_init3.o [5]
__low_level_init              0xa97    0x4  Code  Gb  low_level_init.o [2]
__vector_table                  0x0  0x200  Data  Gb  startup_ewarm.o [1]
_call_main                    0xa85         Code  Gb  cmain.o [5]
_exit                         0xaa1         Code  Gb  cexit.o [5]
contadorSysTick         0x2000'0004    0x4  Data  Gb  main.o [1]
contadorTempo                 0x847    0xa  Code  Gb  main.o [1]
delay                         0x851   0x1a  Code  Gb  main.o [1]
exit                          0xa9b    0x4  Code  Gb  exit.o [2]
g_pppui32XTALtoVCO            0x688  0x1b0  Data  Lc  sysctl.o [3]
g_pui32VCOFrequencies         0x4a0    0x8  Data  Lc  sysctl.o [3]
g_pui32Xtals                  0x90c   0x6c  Data  Lc  sysctl.o [3]
g_sXTALtoMEMTIM               0x9b0   0x30  Data  Lc  sysctl.o [3]
g_ui32SysClock          0x2000'0000    0x4  Data  Gb  main.o [1]
main                          0x879   0x48  Code  Gb  main.o [1]
pui32Stack              0x2000'0008  0x200  Data  Lc  startup_ewarm.o [1]


[1] = C:\Users\menin\Local Documents\marianahenrique_ELF74\blinky\Debug\Obj\source
[2] = dl7M_tln.a
[3] = driverlib.a
[4] = m7M_tls.a
[5] = rt7M_tl.a
[6] = shb_l.a

  1'634 bytes of readonly  code memory
  1'118 bytes of readonly  data memory
    520 bytes of readwrite data memory

Errors: none
Warnings: none
